chosun@chosun-VirtualBox:~/hadoop$ ls
1987.csv     HomeWorkEX6_1.jar  MyMy.jar    README.txt  c++      dataexpo              hadoop-client-1.2.1.jar    hadoop-minicluster-1.2.1.jar  input.txt  lib      pids   src
2007.csv     HomeWorkEX6_2.jar  MyMyMy.jar  bin         conf     docs                  hadoop-core-1.2.1.jar      hadoop-test-1.2.1.jar         ivy        libexec  sbin   webapps
CHANGES.txt  LICENSE.txt        NOTICE.txt  build.xml   contrib  hadoop-ant-1.2.1.jar  hadoop-examples-1.2.1.jar  hadoop-tools-1.2.1.jar        ivy.xml    logs     share  wordcount_output
chosun@chosun-VirtualBox:~/hadoop$ 
chosun@chosun-VirtualBox:~/hadoop$ hadoop fs -ls
WARNING: An illegal reflective access operation has occurred
WARNING: Illegal reflective access by org.apache.hadoop.security.authentication.util.KerberosUtil (file:/home/chosun/hadoop-1.2.1/hadoop-core-1.2.1.jar) to method sun.security.krb5.Config.getInstance()
WARNING: Please consider reporting this to the maintainers of org.apache.hadoop.security.authentication.util.KerberosUtil
WARNING: Use --illegal-access=warn to enable warnings of further illegal reflective access operations
WARNING: All illegal access operations will be denied in a future release
Found 8 items
-rw-r--r--   1 chosun supergroup         15 2019-04-09 22:24 /user/chosun/20154215.txt
drwxr-xr-x   - chosun supergroup          0 2019-04-29 21:21 /user/chosun/HW_0429
drwxr-xr-x   - chosun supergroup          0 2019-04-29 21:23 /user/chosun/HW_delay_sort
drwxr-xr-x   - chosun supergroup          0 2019-04-08 21:44 /user/chosun/MyMY
-rw-r--r--   1 chosun supergroup  533922063 2019-04-08 21:50 /user/chosun/MyMy
drwxr-xr-x   - chosun supergroup          0 2019-04-09 21:06 /user/chosun/conf
drwxr-xr-x   - chosun supergroup          0 2019-04-08 22:13 /user/chosun/delay
drwxr-xr-x   - chosun supergroup          0 2019-04-09 20:59 /user/chosun/wordcount_output
chosun@chosun-VirtualBox:~/hadoop$ hadoop fs -mkdir HW_0429_2
WARNING: An illegal reflective access operation has occurred
WARNING: Illegal reflective access by org.apache.hadoop.security.authentication.util.KerberosUtil (file:/home/chosun/hadoop-1.2.1/hadoop-core-1.2.1.jar) to method sun.security.krb5.Config.getInstance()
WARNING: Please consider reporting this to the maintainers of org.apache.hadoop.security.authentication.util.KerberosUtil
WARNING: Use --illegal-access=warn to enable warnings of further illegal reflective access operations
WARNING: All illegal access operations will be denied in a future release
chosun@chosun-VirtualBox:~/hadoop$ hadoop fs -put 2007.csv HW_0429_2
WARNING: An illegal reflective access operation has occurred
WARNING: Illegal reflective access by org.apache.hadoop.security.authentication.util.KerberosUtil (file:/home/chosun/hadoop-1.2.1/hadoop-core-1.2.1.jar) to method sun.security.krb5.Config.getInstance()
WARNING: Please consider reporting this to the maintainers of org.apache.hadoop.security.authentication.util.KerberosUtil
WARNING: Use --illegal-access=warn to enable warnings of further illegal reflective access operations
WARNING: All illegal access operations will be denied in a future release
chosun@chosun-VirtualBox:~/hadoop$ hadoop fs -ls HW_0429_2
WARNING: An illegal reflective access operation has occurred
WARNING: Illegal reflective access by org.apache.hadoop.security.authentication.util.KerberosUtil (file:/home/chosun/hadoop-1.2.1/hadoop-core-1.2.1.jar) to method sun.security.krb5.Config.getInstance()
WARNING: Please consider reporting this to the maintainers of org.apache.hadoop.security.authentication.util.KerberosUtil
WARNING: Use --illegal-access=warn to enable warnings of further illegal reflective access operations
WARNING: All illegal access operations will be denied in a future release
Found 1 items
-rw-r--r--   1 chosun supergroup  702877893 2019-04-29 22:45 /user/chosun/HW_0429_2/2007.csv
chosun@chosun-VirtualBox:~/hadoop$ hadoop jar HomeWorkEX6_2.jar SequenceFileCreator HW_0429_2 HW_Sequencefile
WARNING: An illegal reflective access operation has occurred
WARNING: Illegal reflective access by org.apache.hadoop.security.authentication.util.KerberosUtil (file:/home/chosun/hadoop-1.2.1/hadoop-core-1.2.1.jar) to method sun.security.krb5.Config.getInstance()
WARNING: Please consider reporting this to the maintainers of org.apache.hadoop.security.authentication.util.KerberosUtil
WARNING: Use --illegal-access=warn to enable warnings of further illegal reflective access operations
WARNING: All illegal access operations will be denied in a future release
19/04/29 22:46:08 WARN mapred.JobClient: Use GenericOptionsParser for parsing the arguments. Applications should implement Tool for the same.
19/04/29 22:46:08 INFO util.NativeCodeLoader: Loaded the native-hadoop library
19/04/29 22:46:08 WARN snappy.LoadSnappy: Snappy native library not loaded
19/04/29 22:46:08 INFO mapred.FileInputFormat: Total input paths to process : 1
19/04/29 22:46:08 INFO mapred.JobClient: Running job: job_201904292119_0004
19/04/29 22:46:09 INFO mapred.JobClient:  map 0% reduce 0%
19/04/29 22:46:19 INFO mapred.JobClient:  map 18% reduce 0%
19/04/29 22:46:28 INFO mapred.JobClient:  map 36% reduce 0%
19/04/29 22:46:37 INFO mapred.JobClient:  map 54% reduce 0%
19/04/29 22:46:46 INFO mapred.JobClient:  map 72% reduce 0%
19/04/29 22:46:54 INFO mapred.JobClient:  map 90% reduce 0%
19/04/29 22:46:59 INFO mapred.JobClient:  map 100% reduce 0%
19/04/29 22:46:59 INFO mapred.JobClient: Job complete: job_201904292119_0004
19/04/29 22:46:59 INFO mapred.JobClient: Counters: 20
19/04/29 22:46:59 INFO mapred.JobClient:   Map-Reduce Framework
19/04/29 22:46:59 INFO mapred.JobClient:     Spilled Records=0
19/04/29 22:46:59 INFO mapred.JobClient:     Virtual memory (bytes) snapshot=22950780928
19/04/29 22:46:59 INFO mapred.JobClient:     Map input records=7453215
19/04/29 22:46:59 INFO mapred.JobClient:     SPLIT_RAW_BYTES=1155
19/04/29 22:46:59 INFO mapred.JobClient:     Map output records=7453215
19/04/29 22:46:59 INFO mapred.JobClient:     Physical memory (bytes) snapshot=1452978176
19/04/29 22:46:59 INFO mapred.JobClient:     Map input bytes=702877893
19/04/29 22:46:59 INFO mapred.JobClient:     CPU time spent (ms)=72400
19/04/29 22:46:59 INFO mapred.JobClient:     Total committed heap usage (bytes)=738197504
19/04/29 22:46:59 INFO mapred.JobClient:   File Input Format Counters 
19/04/29 22:46:59 INFO mapred.JobClient:     Bytes Read=702918853
19/04/29 22:46:59 INFO mapred.JobClient:   FileSystemCounters
19/04/29 22:46:59 INFO mapred.JobClient:     HDFS_BYTES_READ=702920008
19/04/29 22:46:59 INFO mapred.JobClient:     FILE_BYTES_WRITTEN=623635
19/04/29 22:46:59 INFO mapred.JobClient:     HDFS_BYTES_WRITTEN=198540134
19/04/29 22:46:59 INFO mapred.JobClient:   File Output Format Counters 
19/04/29 22:46:59 INFO mapred.JobClient:     Bytes Written=198540134
19/04/29 22:46:59 INFO mapred.JobClient:   Job Counters 
19/04/29 22:46:59 INFO mapred.JobClient:     Launched map tasks=11
19/04/29 22:46:59 INFO mapred.JobClient:     SLOTS_MILLIS_REDUCES=0
19/04/29 22:46:59 INFO mapred.JobClient:     Total time spent by all reduces waiting after reserving slots (ms)=0
19/04/29 22:46:59 INFO mapred.JobClient:     SLOTS_MILLIS_MAPS=90892
19/04/29 22:46:59 INFO mapred.JobClient:     Total time spent by all maps waiting after reserving slots (ms)=0
19/04/29 22:46:59 INFO mapred.JobClient:     Data-local map tasks=11
MR-Job Result:0
chosun@chosun-VirtualBox:~/hadoop$ hadoop fs -ls HW_Sequencefile
WARNING: An illegal reflective access operation has occurred
WARNING: Illegal reflective access by org.apache.hadoop.security.authentication.util.KerberosUtil (file:/home/chosun/hadoop-1.2.1/hadoop-core-1.2.1.jar) to method sun.security.krb5.Config.getInstance()
WARNING: Please consider reporting this to the maintainers of org.apache.hadoop.security.authentication.util.KerberosUtil
WARNING: Use --illegal-access=warn to enable warnings of further illegal reflective access operations
WARNING: All illegal access operations will be denied in a future release
Found 13 items
-rw-r--r--   1 chosun supergroup          0 2019-04-29 22:46 /user/chosun/HW_Sequencefile/_SUCCESS
drwxr-xr-x   - chosun supergroup          0 2019-04-29 22:46 /user/chosun/HW_Sequencefile/_logs
-rw-r--r--   1 chosun supergroup   19251895 2019-04-29 22:46 /user/chosun/HW_Sequencefile/part-00000
-rw-r--r--   1 chosun supergroup   19446208 2019-04-29 22:46 /user/chosun/HW_Sequencefile/part-00001
-rw-r--r--   1 chosun supergroup   18857649 2019-04-29 22:46 /user/chosun/HW_Sequencefile/part-00002
-rw-r--r--   1 chosun supergroup   18799392 2019-04-29 22:46 /user/chosun/HW_Sequencefile/part-00003
-rw-r--r--   1 chosun supergroup   18843253 2019-04-29 22:46 /user/chosun/HW_Sequencefile/part-00004
-rw-r--r--   1 chosun supergroup   19029613 2019-04-29 22:46 /user/chosun/HW_Sequencefile/part-00005
-rw-r--r--   1 chosun supergroup   19149330 2019-04-29 22:46 /user/chosun/HW_Sequencefile/part-00006
-rw-r--r--   1 chosun supergroup   18711304 2019-04-29 22:46 /user/chosun/HW_Sequencefile/part-00007
-rw-r--r--   1 chosun supergroup   18497490 2019-04-29 22:46 /user/chosun/HW_Sequencefile/part-00008
-rw-r--r--   1 chosun supergroup   18893397 2019-04-29 22:46 /user/chosun/HW_Sequencefile/part-00009
-rw-r--r--   1 chosun supergroup    9060603 2019-04-29 22:46 /user/chosun/HW_Sequencefile/part-00010
chosun@chosun-VirtualBox:~/hadoop$ hadoop fs -text HW_Sequencefile/part-00000 | head -10
WARNING: An illegal reflective access operation has occurred
WARNING: Illegal reflective access by org.apache.hadoop.security.authentication.util.KerberosUtil (file:/home/chosun/hadoop-1.2.1/hadoop-core-1.2.1.jar) to method sun.security.krb5.Config.getInstance()
WARNING: Please consider reporting this to the maintainers of org.apache.hadoop.security.authentication.util.KerberosUtil
WARNING: Use --illegal-access=warn to enable warnings of further illegal reflective access operations
WARNING: All illegal access operations will be denied in a future release
19/04/29 22:47:53 INFO util.NativeCodeLoader: Loaded the native-hadoop library
19/04/29 22:47:53 INFO zlib.ZlibFactory: Successfully loaded & initialized native-zlib library
19/04/29 22:47:53 INFO compress.CodecPool: Got brand-new decompressor
19/04/29 22:47:53 INFO compress.CodecPool: Got brand-new decompressor
19/04/29 22:47:53 INFO compress.CodecPool: Got brand-new decompressor
19/04/29 22:47:53 INFO compress.CodecPool: Got brand-new decompressor
389	2007,1,1,1,1232,1225,1341,1340,WN,2891,N351,69,75,54,1,7,SMF,ONT,389,4,11,0,,0,0,0,0,0,0
479	2007,1,1,1,1918,1905,2043,2035,WN,462,N370,85,90,74,8,13,SMF,PDX,479,5,6,0,,0,0,0,0,0,0
479	2007,1,1,1,2206,2130,2334,2300,WN,1229,N685,88,90,73,34,36,SMF,PDX,479,6,9,0,,0,3,0,0,0,31
479	2007,1,1,1,1230,1200,1356,1330,WN,1355,N364,86,90,75,26,30,SMF,PDX,479,3,8,0,,0,23,0,0,0,3
479	2007,1,1,1,831,830,957,1000,WN,2278,N480,86,90,74,-3,1,SMF,PDX,479,3,9,0,,0,0,0,0,0,0
479	2007,1,1,1,1430,1420,1553,1550,WN,2386,N611SW,83,90,74,3,10,SMF,PDX,479,2,7,0,,0,0,0,0,0,0
647	2007,1,1,1,1936,1840,2217,2130,WN,409,N482,101,110,89,47,56,SMF,PHX,647,5,7,0,,0,46,0,0,0,1
647	2007,1,1,1,944,935,1223,1225,WN,1131,N749SW,99,110,86,-2,9,SMF,PHX,647,4,9,0,,0,0,0,0,0,0
647	2007,1,1,1,1537,1450,1819,1735,WN,1212,N451,102,105,90,44,47,SMF,PHX,647,5,7,0,,0,20,0,0,0,24
647	2007,1,1,1,1318,1315,1603,1610,WN,2456,N630WN,105,115,92,-7,3,SMF,PHX,647,5,8,0,,0,0,0,0,0,0
text: Unable to write to output stream.
