chosun@chosun-VirtualBox:~/hadoop2$ 
chosun@chosun-VirtualBox:~/hadoop2$ ls
HW13.jar  LICENSE.txt  NOTICE.txt  README.txt  SURFACE_ASOS_90_MI_2019-05_2019-05_2019_new.csv  bin  etc  hs_err_pid13857.log  hs_err_pid2965.log  include  lib  libexec  logs  pids  sbin  share
chosun@chosun-VirtualBox:~/hadoop2$ 
chosun@chosun-VirtualBox:~/hadoop2$ sed -e '1d' SURFACE_ASOS_90_MI_2019-05_2019-05_2019_new.csv > 2019.csv
chosun@chosun-VirtualBox:~/hadoop2$ 
chosun@chosun-VirtualBox:~/hadoop2$ ls
2019.csv  HW13.jar  LICENSE.txt  NOTICE.txt  README.txt  SURFACE_ASOS_90_MI_2019-05_2019-05_2019_new.csv  bin  etc  hs_err_pid13857.log  hs_err_pid2965.log  include  lib  libexec  logs  pids  sbin  share
chosun@chosun-VirtualBox:~/hadoop2$ 
chosun@chosun-VirtualBox:~/hadoop2$ hdfs dfs -ls
WARNING: An illegal reflective access operation has occurred
WARNING: Illegal reflective access by org.apache.hadoop.security.authentication.util.KerberosUtil (file:/home/chosun/hadoop-2.7.2/share/hadoop/common/lib/hadoop-auth-2.7.2.jar) to method sun.security.krb5.Config.getInstance()
WARNING: Please consider reporting this to the maintainers of org.apache.hadoop.security.authentication.util.KerberosUtil
WARNING: Use --illegal-access=warn to enable warnings of further illegal reflective access operations
WARNING: All illegal access operations will be denied in a future release
chosun@chosun-VirtualBox:~/hadoop2$ 
chosun@chosun-VirtualBox:~/hadoop2$ hdfs dfs -mkdir data
WARNING: An illegal reflective access operation has occurred
WARNING: Illegal reflective access by org.apache.hadoop.security.authentication.util.KerberosUtil (file:/home/chosun/hadoop-2.7.2/share/hadoop/common/lib/hadoop-auth-2.7.2.jar) to method sun.security.krb5.Config.getInstance()
WARNING: Please consider reporting this to the maintainers of org.apache.hadoop.security.authentication.util.KerberosUtil
WARNING: Use --illegal-access=warn to enable warnings of further illegal reflective access operations
WARNING: All illegal access operations will be denied in a future release
chosun@chosun-VirtualBox:~/hadoop2$ 
chosun@chosun-VirtualBox:~/hadoop2$ hdfs dfs -put 2019.csv data
WARNING: An illegal reflective access operation has occurred
WARNING: Illegal reflective access by org.apache.hadoop.security.authentication.util.KerberosUtil (file:/home/chosun/hadoop-2.7.2/share/hadoop/common/lib/hadoop-auth-2.7.2.jar) to method sun.security.krb5.Config.getInstance()
WARNING: Please consider reporting this to the maintainers of org.apache.hadoop.security.authentication.util.KerberosUtil
WARNING: Use --illegal-access=warn to enable warnings of further illegal reflective access operations
WARNING: All illegal access operations will be denied in a future release
chosun@chosun-VirtualBox:~/hadoop2$ 
chosun@chosun-VirtualBox:~/hadoop2$ yarn jar HW13.jar HWEx13 data Homework
WARNING: An illegal reflective access operation has occurred
WARNING: Illegal reflective access by org.apache.hadoop.security.authentication.util.KerberosUtil (file:/home/chosun/hadoop-2.7.2/share/hadoop/common/lib/hadoop-auth-2.7.2.jar) to method sun.security.krb5.Config.getInstance()
WARNING: Please consider reporting this to the maintainers of org.apache.hadoop.security.authentication.util.KerberosUtil
WARNING: Use --illegal-access=warn to enable warnings of further illegal reflective access operations
WARNING: All illegal access operations will be denied in a future release
19/05/28 20:12:48 INFO client.RMProxy: Connecting to ResourceManager at localhost/127.0.0.1:8032
19/05/28 20:12:48 WARN mapreduce.JobResourceUploader: Hadoop command-line option parsing not performed. Implement the Tool interface and execute your application with ToolRunner to remedy this.
19/05/28 20:12:48 INFO input.FileInputFormat: Total input paths to process : 1
19/05/28 20:12:48 INFO mapreduce.JobSubmitter: number of splits:1
19/05/28 20:12:48 INFO mapreduce.JobSubmitter: Submitting tokens for job: job_1559030378616_0028
19/05/28 20:12:49 INFO impl.YarnClientImpl: Submitted application application_1559030378616_0028
19/05/28 20:12:49 INFO mapreduce.Job: The url to track the job: http://0.0.0.0:8089/proxy/application_1559030378616_0028/
19/05/28 20:12:49 INFO mapreduce.Job: Running job: job_1559030378616_0028
19/05/28 20:12:53 INFO mapreduce.Job: Job job_1559030378616_0028 running in uber mode : false
19/05/28 20:12:53 INFO mapreduce.Job:  map 0% reduce 0%
19/05/28 20:12:58 INFO mapreduce.Job:  map 100% reduce 0%
19/05/28 20:13:03 INFO mapreduce.Job:  map 100% reduce 100%
19/05/28 20:13:03 INFO mapreduce.Job: Job job_1559030378616_0028 completed successfully
19/05/28 20:13:03 INFO mapreduce.Job: Counters: 49
	File System Counters
		FILE: Number of bytes read=2043575
		FILE: Number of bytes written=4322219
		FILE: Number of read operations=0
		FILE: Number of large read operations=0
		FILE: Number of write operations=0
		HDFS: Number of bytes read=2191411
		HDFS: Number of bytes written=2585474
		HDFS: Number of read operations=6
		HDFS: Number of large read operations=0
		HDFS: Number of write operations=2
	Job Counters 
		Launched map tasks=1
		Launched reduce tasks=1
		Data-local map tasks=1
		Total time spent by all maps in occupied slots (ms)=2179
		Total time spent by all reduces in occupied slots (ms)=2795
		Total time spent by all map tasks (ms)=2179
		Total time spent by all reduce tasks (ms)=2795
		Total vcore-milliseconds taken by all map tasks=2179
		Total vcore-milliseconds taken by all reduce tasks=2795
		Total megabyte-milliseconds taken by all map tasks=2231296
		Total megabyte-milliseconds taken by all reduce tasks=2862080
	Map-Reduce Framework
		Map input records=36127
		Map output records=36127
		Map output bytes=1971315
		Map output materialized bytes=2043575
		Input split bytes=112
		Combine input records=0
		Combine output records=0
		Reduce input groups=36127
		Reduce shuffle bytes=2043575
		Reduce input records=36127
		Reduce output records=36127
		Spilled Records=72254
		Shuffled Maps =1
		Failed Shuffles=0
		Merged Map outputs=1
		GC time elapsed (ms)=61
		CPU time spent (ms)=2450
		Physical memory (bytes) snapshot=397459456
		Virtual memory (bytes) snapshot=4251074560
		Total committed heap usage (bytes)=240123904
	Shuffle Errors
		BAD_ID=0
		CONNECTION=0
		IO_ERROR=0
		WRONG_LENGTH=0
		WRONG_MAP=0
		WRONG_REDUCE=0
	File Input Format Counters 
		Bytes Read=2191299
	File Output Format Counters 
		Bytes Written=2585474
chosun@chosun-VirtualBox:~/hadoop2$ 
chosun@chosun-VirtualBox:~/hadoop2$ hdfs dfs -cat Homework/part-r-00000 | head -100
WARNING: An illegal reflective access operation has occurred
WARNING: Illegal reflective access by org.apache.hadoop.security.authentication.util.KerberosUtil (file:/home/chosun/hadoop-2.7.2/share/hadoop/common/lib/hadoop-auth-2.7.2.jar) to method sun.security.krb5.Config.getInstance()
WARNING: Please consider reporting this to the maintainers of org.apache.hadoop.security.authentication.util.KerberosUtil
WARNING: Use --illegal-access=warn to enable warnings of further illegal reflective access operations
WARNING: All illegal access operations will be denied in a future release
Temp : 0.0,	Humid : 0.0,	Date : 2019-05-06 18:06	--- Hadoop2 Homework
Temp : 0.0,	Humid : 0.0,	Date : 2019-05-06 18:07	--- Hadoop2 Homework
Temp : 0.0,	Humid : 0.0,	Date : 2019-05-20 9:28	--- Hadoop2 Homework
Temp : 0.0,	Humid : 0.0,	Date : 2019-05-21 13:13	--- Hadoop2 Homework
Temp : 0.0,	Humid : 0.0,	Date : 2019-05-21 13:14	--- Hadoop2 Homework
Temp : 0.0,	Humid : 0.0,	Date : 2019-05-21 13:15	--- Hadoop2 Homework
Temp : 0.0,	Humid : 0.0,	Date : 2019-05-21 13:16	--- Hadoop2 Homework
Temp : 0.0,	Humid : 0.0,	Date : 2019-05-21 13:17	--- Hadoop2 Homework
Temp : 0.0,	Humid : 0.0,	Date : 2019-05-21 13:18	--- Hadoop2 Homework
Temp : 0.0,	Humid : 0.0,	Date : 2019-05-21 13:19	--- Hadoop2 Homework
Temp : 0.0,	Humid : 0.0,	Date : 2019-05-21 13:20	--- Hadoop2 Homework
Temp : 0.0,	Humid : 0.0,	Date : 2019-05-21 13:21	--- Hadoop2 Homework
Temp : 0.0,	Humid : 0.0,	Date : 2019-05-21 13:22	--- Hadoop2 Homework
Temp : 10.0,	Humid : 48.1,	Date : 2019-05-06 20:21	--- Hadoop2 Homework
Temp : 10.0,	Humid : 48.6,	Date : 2019-05-06 20:22	--- Hadoop2 Homework
Temp : 10.0,	Humid : 70.0,	Date : 2019-05-06 5:21	--- Hadoop2 Homework
Temp : 10.0,	Humid : 70.6,	Date : 2019-05-06 4:56	--- Hadoop2 Homework
Temp : 10.0,	Humid : 70.9,	Date : 2019-05-06 4:55	--- Hadoop2 Homework
Temp : 10.0,	Humid : 71.3,	Date : 2019-05-06 5:18	--- Hadoop2 Homework
Temp : 10.0,	Humid : 71.7,	Date : 2019-05-06 4:54	--- Hadoop2 Homework
Temp : 10.0,	Humid : 71.8,	Date : 2019-05-06 5:19	--- Hadoop2 Homework
Temp : 10.0,	Humid : 74.7,	Date : 2019-05-06 4:40	--- Hadoop2 Homework
Temp : 10.0,	Humid : 74.9,	Date : 2019-05-06 4:39	--- Hadoop2 Homework
Temp : 10.0,	Humid : 75.1,	Date : 2019-05-06 4:38	--- Hadoop2 Homework
Temp : 10.0,	Humid : 75.1,	Date : 2019-05-06 4:41	--- Hadoop2 Homework
Temp : 10.0,	Humid : 75.2,	Date : 2019-05-06 4:32	--- Hadoop2 Homework
Temp : 10.0,	Humid : 75.4,	Date : 2019-05-06 4:42	--- Hadoop2 Homework
Temp : 10.0,	Humid : 75.6,	Date : 2019-05-06 4:43	--- Hadoop2 Homework
Temp : 10.0,	Humid : 75.7,	Date : 2019-05-06 4:44	--- Hadoop2 Homework
Temp : 10.0,	Humid : 82.6,	Date : 2019-05-06 4:20	--- Hadoop2 Homework
Temp : 10.0,	Humid : 82.7,	Date : 2019-05-06 4:19	--- Hadoop2 Homework
Temp : 10.0,	Humid : 83.3,	Date : 2019-05-06 4:18	--- Hadoop2 Homework
Temp : 10.1,	Humid : 37.5,	Date : 2019-05-07 2:15	--- Hadoop2 Homework
Temp : 10.1,	Humid : 48.1,	Date : 2019-05-06 20:20	--- Hadoop2 Homework
Temp : 10.1,	Humid : 48.5,	Date : 2019-05-06 20:19	--- Hadoop2 Homework
Temp : 10.1,	Humid : 68.3,	Date : 2019-05-06 5:25	--- Hadoop2 Homework
Temp : 10.1,	Humid : 68.6,	Date : 2019-05-06 4:59	--- Hadoop2 Homework
Temp : 10.1,	Humid : 69.0,	Date : 2019-05-06 5:22	--- Hadoop2 Homework
Temp : 10.1,	Humid : 69.6,	Date : 2019-05-06 4:58	--- Hadoop2 Homework
Temp : 10.1,	Humid : 70.1,	Date : 2019-05-06 4:57	--- Hadoop2 Homework
Temp : 10.1,	Humid : 70.3,	Date : 2019-05-06 5:24	--- Hadoop2 Homework
Temp : 10.1,	Humid : 70.6,	Date : 2019-05-06 5:13	--- Hadoop2 Homework
Temp : 10.1,	Humid : 70.8,	Date : 2019-05-06 5:15	--- Hadoop2 Homework
Temp : 10.1,	Humid : 70.8,	Date : 2019-05-06 5:16	--- Hadoop2 Homework
Temp : 10.1,	Humid : 70.9,	Date : 2019-05-06 5:14	--- Hadoop2 Homework
Temp : 10.1,	Humid : 71.3,	Date : 2019-05-06 5:17	--- Hadoop2 Homework
Temp : 10.1,	Humid : 71.5,	Date : 2019-05-06 5:20	--- Hadoop2 Homework
Temp : 10.1,	Humid : 83.6,	Date : 2019-05-06 4:16	--- Hadoop2 Homework
Temp : 10.1,	Humid : 83.6,	Date : 2019-05-06 4:17	--- Hadoop2 Homework
Temp : 10.1,	Humid : 84.0,	Date : 2019-05-06 4:15	--- Hadoop2 Homework
Temp : 10.1,	Humid : 90.4,	Date : 2019-05-01 3:22	--- Hadoop2 Homework
Temp : 10.1,	Humid : 90.8,	Date : 2019-05-01 3:23	--- Hadoop2 Homework
Temp : 10.2,	Humid : 48.1,	Date : 2019-05-06 20:18	--- Hadoop2 Homework
Temp : 10.2,	Humid : 69.2,	Date : 2019-05-06 5:00	--- Hadoop2 Homework
Temp : 10.2,	Humid : 69.7,	Date : 2019-05-06 5:23	--- Hadoop2 Homework
Temp : 10.2,	Humid : 70.2,	Date : 2019-05-06 5:12	--- Hadoop2 Homework
Temp : 10.2,	Humid : 84.4,	Date : 2019-05-06 4:14	--- Hadoop2 Homework
Temp : 10.2,	Humid : 84.7,	Date : 2019-05-06 4:10	--- Hadoop2 Homework
Temp : 10.2,	Humid : 84.8,	Date : 2019-05-06 4:13	--- Hadoop2 Homework
Temp : 10.2,	Humid : 84.9,	Date : 2019-05-06 4:11	--- Hadoop2 Homework
Temp : 10.2,	Humid : 84.9,	Date : 2019-05-06 4:12	--- Hadoop2 Homework
Temp : 10.2,	Humid : 90.0,	Date : 2019-05-01 3:21	--- Hadoop2 Homework
Temp : 10.2,	Humid : 91.2,	Date : 2019-05-01 3:43	--- Hadoop2 Homework
Temp : 10.2,	Humid : 91.3,	Date : 2019-05-01 3:24	--- Hadoop2 Homework
Temp : 10.2,	Humid : 91.6,	Date : 2019-05-01 3:25	--- Hadoop2 Homework
Temp : 10.3,	Humid : 36.5,	Date : 2019-05-07 2:16	--- Hadoop2 Homework
Temp : 10.3,	Humid : 47.7,	Date : 2019-05-06 20:15	--- Hadoop2 Homework
Temp : 10.3,	Humid : 47.7,	Date : 2019-05-06 20:16	--- Hadoop2 Homework
Temp : 10.3,	Humid : 48.0,	Date : 2019-05-06 20:17	--- Hadoop2 Homework
Temp : 10.3,	Humid : 65.6,	Date : 2019-05-06 5:27	--- Hadoop2 Homework
Temp : 10.3,	Humid : 66.5,	Date : 2019-05-06 5:26	--- Hadoop2 Homework
Temp : 10.3,	Humid : 67.9,	Date : 2019-05-06 5:03	--- Hadoop2 Homework
Temp : 10.3,	Humid : 68.1,	Date : 2019-05-06 5:07	--- Hadoop2 Homework
Temp : 10.3,	Humid : 68.5,	Date : 2019-05-06 5:06	--- Hadoop2 Homework
Temp : 10.3,	Humid : 68.7,	Date : 2019-05-06 5:05	--- Hadoop2 Homework
Temp : 10.3,	Humid : 68.7,	Date : 2019-05-06 5:09	--- Hadoop2 Homework
Temp : 10.3,	Humid : 68.8,	Date : 2019-05-06 5:02	--- Hadoop2 Homework
Temp : 10.3,	Humid : 68.9,	Date : 2019-05-06 5:04	--- Hadoop2 Homework
Temp : 10.3,	Humid : 69.2,	Date : 2019-05-06 5:01	--- Hadoop2 Homework
Temp : 10.3,	Humid : 69.2,	Date : 2019-05-06 5:10	--- Hadoop2 Homework
Temp : 10.3,	Humid : 69.5,	Date : 2019-05-06 5:11	--- Hadoop2 Homework
Temp : 10.3,	Humid : 84.5,	Date : 2019-05-06 4:07	--- Hadoop2 Homework
Temp : 10.3,	Humid : 84.6,	Date : 2019-05-06 4:09	--- Hadoop2 Homework
Temp : 10.3,	Humid : 84.7,	Date : 2019-05-06 4:08	--- Hadoop2 Homework
Temp : 10.3,	Humid : 89.6,	Date : 2019-05-01 3:20	--- Hadoop2 Homework
Temp : 10.3,	Humid : 91.2,	Date : 2019-05-01 3:42	--- Hadoop2 Homework
Temp : 10.3,	Humid : 91.8,	Date : 2019-05-01 3:44	--- Hadoop2 Homework
Temp : 10.3,	Humid : 92.5,	Date : 2019-05-01 0:02	--- Hadoop2 Homework
Temp : 10.3,	Humid : 92.5,	Date : 2019-05-01 0:03	--- Hadoop2 Homework
Temp : 10.3,	Humid : 92.5,	Date : 2019-05-01 0:04	--- Hadoop2 Homework
Temp : 10.3,	Humid : 92.5,	Date : 2019-05-01 0:05	--- Hadoop2 Homework
Temp : 10.3,	Humid : 92.6,	Date : 2019-05-01 0:06	--- Hadoop2 Homework
Temp : 10.3,	Humid : 92.6,	Date : 2019-05-01 0:07	--- Hadoop2 Homework
Temp : 10.3,	Humid : 92.6,	Date : 2019-05-01 0:10	--- Hadoop2 Homework
Temp : 10.3,	Humid : 92.6,	Date : 2019-05-01 0:11	--- Hadoop2 Homework
Temp : 10.3,	Humid : 92.6,	Date : 2019-05-01 0:12	--- Hadoop2 Homework
Temp : 10.3,	Humid : 92.6,	Date : 2019-05-01 0:13	--- Hadoop2 Homework
Temp : 10.3,	Humid : 92.7,	Date : 2019-05-01 0:08	--- Hadoop2 Homework
Temp : 10.3,	Humid : 92.7,	Date : 2019-05-01 0:09	--- Hadoop2 Homework
Temp : 10.3,	Humid : 93.5,	Date : 2019-05-01 5:42	--- Hadoop2 Homework
cat: Unable to write to output stream.
chosun@chosun-VirtualBox:~/hadoop2$ 
chosun@chosun-VirtualBox:~/hadoop2$ hdfs dfs -cat Homework/part-r-00000 | tail -100
WARNING: An illegal reflective access operation has occurred
WARNING: Illegal reflective access by org.apache.hadoop.security.authentication.util.KerberosUtil (file:/home/chosun/hadoop-2.7.2/share/hadoop/common/lib/hadoop-auth-2.7.2.jar) to method sun.security.krb5.Config.getInstance()
WARNING: Please consider reporting this to the maintainers of org.apache.hadoop.security.authentication.util.KerberosUtil
WARNING: Use --illegal-access=warn to enable warnings of further illegal reflective access operations
WARNING: All illegal access operations will be denied in a future release
Temp : 9.2,	Humid : 51.0,	Date : 2019-05-06 20:51	--- Hadoop2 Homework
Temp : 9.2,	Humid : 51.1,	Date : 2019-05-06 20:48	--- Hadoop2 Homework
Temp : 9.2,	Humid : 51.1,	Date : 2019-05-06 20:49	--- Hadoop2 Homework
Temp : 9.2,	Humid : 51.2,	Date : 2019-05-06 20:47	--- Hadoop2 Homework
Temp : 9.2,	Humid : 51.4,	Date : 2019-05-06 20:42	--- Hadoop2 Homework
Temp : 9.2,	Humid : 51.4,	Date : 2019-05-06 21:01	--- Hadoop2 Homework
Temp : 9.2,	Humid : 51.5,	Date : 2019-05-06 20:44	--- Hadoop2 Homework
Temp : 9.2,	Humid : 51.6,	Date : 2019-05-06 20:46	--- Hadoop2 Homework
Temp : 9.2,	Humid : 51.9,	Date : 2019-05-06 20:41	--- Hadoop2 Homework
Temp : 9.2,	Humid : 52.1,	Date : 2019-05-06 20:40	--- Hadoop2 Homework
Temp : 9.3,	Humid : 37.3,	Date : 2019-05-07 1:17	--- Hadoop2 Homework
Temp : 9.3,	Humid : 38.2,	Date : 2019-05-07 1:23	--- Hadoop2 Homework
Temp : 9.3,	Humid : 38.4,	Date : 2019-05-07 1:20	--- Hadoop2 Homework
Temp : 9.3,	Humid : 40.0,	Date : 2019-05-07 0:13	--- Hadoop2 Homework
Temp : 9.3,	Humid : 40.2,	Date : 2019-05-07 0:19	--- Hadoop2 Homework
Temp : 9.3,	Humid : 40.5,	Date : 2019-05-07 0:14	--- Hadoop2 Homework
Temp : 9.3,	Humid : 40.5,	Date : 2019-05-07 0:18	--- Hadoop2 Homework
Temp : 9.3,	Humid : 40.7,	Date : 2019-05-07 0:20	--- Hadoop2 Homework
Temp : 9.3,	Humid : 42.2,	Date : 2019-05-07 2:06	--- Hadoop2 Homework
Temp : 9.3,	Humid : 42.6,	Date : 2019-05-06 21:56	--- Hadoop2 Homework
Temp : 9.3,	Humid : 46.5,	Date : 2019-05-07 1:58	--- Hadoop2 Homework
Temp : 9.3,	Humid : 50.2,	Date : 2019-05-06 20:52	--- Hadoop2 Homework
Temp : 9.3,	Humid : 50.8,	Date : 2019-05-06 20:53	--- Hadoop2 Homework
Temp : 9.3,	Humid : 50.8,	Date : 2019-05-06 20:54	--- Hadoop2 Homework
Temp : 9.3,	Humid : 51.2,	Date : 2019-05-06 20:55	--- Hadoop2 Homework
Temp : 9.3,	Humid : 51.3,	Date : 2019-05-06 20:59	--- Hadoop2 Homework
Temp : 9.3,	Humid : 51.3,	Date : 2019-05-06 21:00	--- Hadoop2 Homework
Temp : 9.3,	Humid : 51.4,	Date : 2019-05-06 20:58	--- Hadoop2 Homework
Temp : 9.3,	Humid : 51.7,	Date : 2019-05-06 20:57	--- Hadoop2 Homework
Temp : 9.3,	Humid : 51.9,	Date : 2019-05-06 20:56	--- Hadoop2 Homework
Temp : 9.3,	Humid : 52.2,	Date : 2019-05-06 20:39	--- Hadoop2 Homework
Temp : 9.3,	Humid : 52.3,	Date : 2019-05-06 20:38	--- Hadoop2 Homework
Temp : 9.4,	Humid : 42.7,	Date : 2019-05-07 1:39	--- Hadoop2 Homework
Temp : 9.4,	Humid : 43.6,	Date : 2019-05-06 21:57	--- Hadoop2 Homework
Temp : 9.4,	Humid : 45.0,	Date : 2019-05-06 21:58	--- Hadoop2 Homework
Temp : 9.4,	Humid : 51.6,	Date : 2019-05-06 20:36	--- Hadoop2 Homework
Temp : 9.4,	Humid : 52.0,	Date : 2019-05-06 20:37	--- Hadoop2 Homework
Temp : 9.5,	Humid : 37.5,	Date : 2019-05-07 1:24	--- Hadoop2 Homework
Temp : 9.5,	Humid : 38.2,	Date : 2019-05-07 1:26	--- Hadoop2 Homework
Temp : 9.5,	Humid : 38.2,	Date : 2019-05-07 1:27	--- Hadoop2 Homework
Temp : 9.5,	Humid : 38.5,	Date : 2019-05-07 1:19	--- Hadoop2 Homework
Temp : 9.5,	Humid : 38.6,	Date : 2019-05-07 1:25	--- Hadoop2 Homework
Temp : 9.5,	Humid : 39.4,	Date : 2019-05-07 1:33	--- Hadoop2 Homework
Temp : 9.5,	Humid : 39.7,	Date : 2019-05-07 1:32	--- Hadoop2 Homework
Temp : 9.5,	Humid : 39.7,	Date : 2019-05-07 1:36	--- Hadoop2 Homework
Temp : 9.5,	Humid : 40.7,	Date : 2019-05-07 1:37	--- Hadoop2 Homework
Temp : 9.5,	Humid : 41.0,	Date : 2019-05-07 1:38	--- Hadoop2 Homework
Temp : 9.5,	Humid : 50.2,	Date : 2019-05-06 20:30	--- Hadoop2 Homework
Temp : 9.5,	Humid : 50.7,	Date : 2019-05-06 20:31	--- Hadoop2 Homework
Temp : 9.5,	Humid : 51.1,	Date : 2019-05-06 20:32	--- Hadoop2 Homework
Temp : 9.5,	Humid : 51.3,	Date : 2019-05-06 20:33	--- Hadoop2 Homework
Temp : 9.5,	Humid : 51.3,	Date : 2019-05-06 20:34	--- Hadoop2 Homework
Temp : 9.5,	Humid : 51.4,	Date : 2019-05-06 20:35	--- Hadoop2 Homework
Temp : 9.6,	Humid : 36.8,	Date : 2019-05-07 1:18	--- Hadoop2 Homework
Temp : 9.6,	Humid : 37.4,	Date : 2019-05-07 1:28	--- Hadoop2 Homework
Temp : 9.6,	Humid : 38.7,	Date : 2019-05-07 1:34	--- Hadoop2 Homework
Temp : 9.6,	Humid : 38.8,	Date : 2019-05-07 1:31	--- Hadoop2 Homework
Temp : 9.6,	Humid : 39.1,	Date : 2019-05-07 1:35	--- Hadoop2 Homework
Temp : 9.6,	Humid : 49.9,	Date : 2019-05-06 20:29	--- Hadoop2 Homework
Temp : 9.7,	Humid : 37.5,	Date : 2019-05-07 1:29	--- Hadoop2 Homework
Temp : 9.7,	Humid : 37.9,	Date : 2019-05-07 1:30	--- Hadoop2 Homework
Temp : 9.7,	Humid : 39.5,	Date : 2019-05-07 2:07	--- Hadoop2 Homework
Temp : 9.7,	Humid : 49.3,	Date : 2019-05-06 20:27	--- Hadoop2 Homework
Temp : 9.7,	Humid : 49.6,	Date : 2019-05-06 20:28	--- Hadoop2 Homework
Temp : 9.8,	Humid : 39.0,	Date : 2019-05-07 2:08	--- Hadoop2 Homework
Temp : 9.8,	Humid : 40.0,	Date : 2019-05-07 2:09	--- Hadoop2 Homework
Temp : 9.8,	Humid : 41.5,	Date : 2019-05-07 2:10	--- Hadoop2 Homework
Temp : 9.8,	Humid : 49.3,	Date : 2019-05-06 20:25	--- Hadoop2 Homework
Temp : 9.8,	Humid : 49.4,	Date : 2019-05-06 20:26	--- Hadoop2 Homework
Temp : 9.8,	Humid : 79.1,	Date : 2019-05-06 4:29	--- Hadoop2 Homework
Temp : 9.8,	Humid : 80.2,	Date : 2019-05-06 4:28	--- Hadoop2 Homework
Temp : 9.8,	Humid : 81.1,	Date : 2019-05-06 4:27	--- Hadoop2 Homework
Temp : 9.8,	Humid : 81.2,	Date : 2019-05-06 4:23	--- Hadoop2 Homework
Temp : 9.8,	Humid : 81.2,	Date : 2019-05-06 4:24	--- Hadoop2 Homework
Temp : 9.8,	Humid : 81.4,	Date : 2019-05-06 4:25	--- Hadoop2 Homework
Temp : 9.8,	Humid : 81.4,	Date : 2019-05-06 4:26	--- Hadoop2 Homework
Temp : 9.8,	Humid : 82.0,	Date : 2019-05-06 4:22	--- Hadoop2 Homework
Temp : 9.9,	Humid : 39.9,	Date : 2019-05-07 2:14	--- Hadoop2 Homework
Temp : 9.9,	Humid : 40.3,	Date : 2019-05-07 2:11	--- Hadoop2 Homework
Temp : 9.9,	Humid : 41.5,	Date : 2019-05-07 2:12	--- Hadoop2 Homework
Temp : 9.9,	Humid : 42.3,	Date : 2019-05-07 2:13	--- Hadoop2 Homework
Temp : 9.9,	Humid : 48.9,	Date : 2019-05-06 20:23	--- Hadoop2 Homework
Temp : 9.9,	Humid : 49.1,	Date : 2019-05-06 20:24	--- Hadoop2 Homework
Temp : 9.9,	Humid : 72.8,	Date : 2019-05-06 4:53	--- Hadoop2 Homework
Temp : 9.9,	Humid : 73.7,	Date : 2019-05-06 4:52	--- Hadoop2 Homework
Temp : 9.9,	Humid : 74.5,	Date : 2019-05-06 4:50	--- Hadoop2 Homework
Temp : 9.9,	Humid : 74.6,	Date : 2019-05-06 4:34	--- Hadoop2 Homework
Temp : 9.9,	Humid : 74.6,	Date : 2019-05-06 4:49	--- Hadoop2 Homework
Temp : 9.9,	Humid : 74.7,	Date : 2019-05-06 4:33	--- Hadoop2 Homework
Temp : 9.9,	Humid : 74.8,	Date : 2019-05-06 4:47	--- Hadoop2 Homework
Temp : 9.9,	Humid : 74.9,	Date : 2019-05-06 4:48	--- Hadoop2 Homework
Temp : 9.9,	Humid : 74.9,	Date : 2019-05-06 4:51	--- Hadoop2 Homework
Temp : 9.9,	Humid : 75.0,	Date : 2019-05-06 4:46	--- Hadoop2 Homework
Temp : 9.9,	Humid : 75.1,	Date : 2019-05-06 4:35	--- Hadoop2 Homework
Temp : 9.9,	Humid : 75.1,	Date : 2019-05-06 4:37	--- Hadoop2 Homework
Temp : 9.9,	Humid : 75.2,	Date : 2019-05-06 4:36	--- Hadoop2 Homework
Temp : 9.9,	Humid : 75.4,	Date : 2019-05-06 4:45	--- Hadoop2 Homework
Temp : 9.9,	Humid : 76.1,	Date : 2019-05-06 4:31	--- Hadoop2 Homework
Temp : 9.9,	Humid : 77.4,	Date : 2019-05-06 4:30	--- Hadoop2 Homework
Temp : 9.9,	Humid : 82.7,	Date : 2019-05-06 4:21	--- Hadoop2 Homework
chosun@chosun-VirtualBox:~/hadoop2$ 
chosun@chosun-VirtualBox:~/hadoop2$ 

